skip (done): un-d128-f16-rb4096
skip (done): xl-d128-f16-rb4096
skip (done): q5-d128-q8-rb4096
skip (done): q6-d128-q8-rb4096
skip (done): a3b-d128-f16-rb4096

=== grader self-check (vitest must run) ===
SELFTEST PASS  (good=1.0 > mediocre=0.519 > bad=0.0; hard_pass g/m/b = True/False/False)
{
  "good": {
    "id": "GOOD",
    "score": 1.0,
    "hard_pass": true,
    "objectives": {
      "types": 1.0,
      "lint": 1.0,
      "tests": 1.0,
      "bdd": 1.0,
      "novj": 1.0,
      "reuse": 1.0,
      "edge": 1.0
    },
    "test_counts": {
      "own": [
        2,
        2
      ]
    },
    "files": [
      "impl.test.ts",
      "impl.ts"
    ]
  },
  "mediocre": {
    "id": "MEDIOCRE",
    "score": 0.519,
    "hard_pass": false,
    "objectives": {
      "types": 0.33,
      "lint": 0.8,
      "tests": 1.0,
      "bdd": 1.0,
      "novj": 1.0,
      "reuse": 0.0,
      "edge": 0.0
    },
    "test_counts": {
      "own": [
        1,
        1
      ]
    },
    "files": [
      "impl.test.ts",
      "impl.ts"
    ]
  },
  "bad": {
    "id": "BAD",
    "score": 0.0,
    "hard_pass": false,
    "objectives": {
      "types": 0.0,
      "lint": 0.0,
      "tests": 0.0,
      "bdd": 0.0,
      "novj": 0.0,
      "reuse": 0.0,
      "edge": 0.0
    },
    "test_counts": {
      "own": [
        0,
        0
      ]
    },
    "files": [
      "impl.test.ts",
      "impl.ts"
    ]
  }
}

=== grading (tsc + eslint + vitest, per reply) ===
